// Jest Snapshot v1, https://goo.gl/fbAQLP

exports[`ItemSearchContainer calls api which returns an error 1`] = `
ShallowWrapper {
  "length": 1,
  Symbol(enzyme.__root__): [Circular],
  Symbol(enzyme.__unrendered__): <ItemSearchContainer
    filterOptions={
      Object {
        "grades": Object {
          "disabled": false,
          "displayAllButton": true,
          "filterOptions": Array [
            Object {
              "isSelected": false,
              "key": "7",
              "label": "Elementary",
            },
            Object {
              "isSelected": false,
              "key": "1",
              "label": "Grade 3",
            },
            Object {
              "isSelected": false,
              "key": "2",
              "label": "Grade 4",
            },
            Object {
              "isSelected": false,
              "key": "4",
              "label": "Grade 5",
            },
            Object {
              "isSelected": false,
              "key": "8",
              "label": "Grade 6",
            },
            Object {
              "isSelected": false,
              "key": "16",
              "label": "Grade 7",
            },
            Object {
              "isSelected": false,
              "key": "32",
              "label": "Grade 8",
            },
            Object {
              "isSelected": false,
              "key": "960",
              "label": "High",
            },
          ],
          "helpText": "you need help?",
          "isMultiSelect": false,
          "label": "filter category",
        },
        "subjects": Object {
          "disabled": false,
          "displayAllButton": true,
          "filterOptions": Array [
            Object {
              "isSelected": false,
              "key": "7",
              "label": "Elementary",
            },
            Object {
              "isSelected": false,
              "key": "1",
              "label": "Grade 3",
            },
            Object {
              "isSelected": false,
              "key": "2",
              "label": "Grade 4",
            },
            Object {
              "isSelected": false,
              "key": "4",
              "label": "Grade 5",
            },
            Object {
              "isSelected": false,
              "key": "8",
              "label": "Grade 6",
            },
            Object {
              "isSelected": false,
              "key": "16",
              "label": "Grade 7",
            },
            Object {
              "isSelected": false,
              "key": "32",
              "label": "Grade 8",
            },
            Object {
              "isSelected": false,
              "key": "960",
              "label": "High",
            },
          ],
          "helpText": "you need help?",
          "isMultiSelect": false,
          "label": "filter category",
        },
        "techTypes": Object {
          "disabled": false,
          "displayAllButton": true,
          "filterOptions": Array [
            Object {
              "isSelected": false,
              "key": "7",
              "label": "Elementary",
            },
            Object {
              "isSelected": false,
              "key": "1",
              "label": "Grade 3",
            },
            Object {
              "isSelected": false,
              "key": "2",
              "label": "Grade 4",
            },
            Object {
              "isSelected": false,
              "key": "4",
              "label": "Grade 5",
            },
            Object {
              "isSelected": false,
              "key": "8",
              "label": "Grade 6",
            },
            Object {
              "isSelected": false,
              "key": "16",
              "label": "Grade 7",
            },
            Object {
              "isSelected": false,
              "key": "32",
              "label": "Grade 8",
            },
            Object {
              "isSelected": false,
              "key": "960",
              "label": "High",
            },
          ],
          "helpText": "you need help?",
          "isMultiSelect": false,
          "label": "filter category",
        },
      }
    }
    item={
      Object {
        "kind": "none",
      }
    }
    onRowSelection={[Function]}
    searchClient={[Function]}
  />,
  Symbol(enzyme.__renderer__): Object {
    "batchedUpdates": [Function],
    "getNode": [Function],
    "render": [Function],
    "simulateEvent": [Function],
    "unmount": [Function],
  },
  Symbol(enzyme.__node__): Object {
    "instance": null,
    "key": null,
    "nodeType": "host",
    "props": Object {
      "children": Array [
        <button
          style={
            Object {
              "height": "20%",
              "margin": "2px",
              "paddingRight": "5px",
            }
          }
        >
          Print Items
        </button>,
        <AdvancedFilterContainer
          filterOptions={
            Array [
              Object {
                "disabled": false,
                "displayAllButton": true,
                "filterOptions": Array [
                  Object {
                    "isSelected": false,
                    "key": "7",
                    "label": "Elementary",
                  },
                  Object {
                    "isSelected": false,
                    "key": "1",
                    "label": "Grade 3",
                  },
                  Object {
                    "isSelected": false,
                    "key": "2",
                    "label": "Grade 4",
                  },
                  Object {
                    "isSelected": false,
                    "key": "4",
                    "label": "Grade 5",
                  },
                  Object {
                    "isSelected": false,
                    "key": "8",
                    "label": "Grade 6",
                  },
                  Object {
                    "isSelected": false,
                    "key": "16",
                    "label": "Grade 7",
                  },
                  Object {
                    "isSelected": false,
                    "key": "32",
                    "label": "Grade 8",
                  },
                  Object {
                    "isSelected": false,
                    "key": "960",
                    "label": "High",
                  },
                ],
                "helpText": "you need help?",
                "isMultiSelect": false,
                "label": "filter category",
              },
              Object {
                "disabled": false,
                "displayAllButton": true,
                "filterOptions": Array [
                  Object {
                    "isSelected": false,
                    "key": "7",
                    "label": "Elementary",
                  },
                  Object {
                    "isSelected": false,
                    "key": "1",
                    "label": "Grade 3",
                  },
                  Object {
                    "isSelected": false,
                    "key": "2",
                    "label": "Grade 4",
                  },
                  Object {
                    "isSelected": false,
                    "key": "4",
                    "label": "Grade 5",
                  },
                  Object {
                    "isSelected": false,
                    "key": "8",
                    "label": "Grade 6",
                  },
                  Object {
                    "isSelected": false,
                    "key": "16",
                    "label": "Grade 7",
                  },
                  Object {
                    "isSelected": false,
                    "key": "32",
                    "label": "Grade 8",
                  },
                  Object {
                    "isSelected": false,
                    "key": "960",
                    "label": "High",
                  },
                ],
                "helpText": "you need help?",
                "isMultiSelect": false,
                "label": "filter category",
              },
              Object {
                "disabled": false,
                "displayAllButton": true,
                "filterOptions": Array [
                  Object {
                    "isSelected": false,
                    "key": "7",
                    "label": "Elementary",
                  },
                  Object {
                    "isSelected": false,
                    "key": "1",
                    "label": "Grade 3",
                  },
                  Object {
                    "isSelected": false,
                    "key": "2",
                    "label": "Grade 4",
                  },
                  Object {
                    "isSelected": false,
                    "key": "4",
                    "label": "Grade 5",
                  },
                  Object {
                    "isSelected": false,
                    "key": "8",
                    "label": "Grade 6",
                  },
                  Object {
                    "isSelected": false,
                    "key": "16",
                    "label": "Grade 7",
                  },
                  Object {
                    "isSelected": false,
                    "key": "32",
                    "label": "Grade 8",
                  },
                  Object {
                    "isSelected": false,
                    "key": "960",
                    "label": "High",
                  },
                ],
                "helpText": "you need help?",
                "isMultiSelect": false,
                "label": "filter category",
              },
            ]
          }
          onClick={[Function]}
        />,
        <div>
          Loading...
        </div>,
      ],
      "className": "search-controls",
    },
    "ref": null,
    "rendered": Array [
      Object {
        "instance": null,
        "key": null,
        "nodeType": "host",
        "props": Object {
          "children": "Print Items",
          "style": Object {
            "height": "20%",
            "margin": "2px",
            "paddingRight": "5px",
          },
        },
        "ref": null,
        "rendered": "Print Items",
        "type": "button",
      },
      Object {
        "instance": null,
        "key": null,
        "nodeType": "class",
        "props": Object {
          "filterOptions": Array [
            Object {
              "disabled": false,
              "displayAllButton": true,
              "filterOptions": Array [
                Object {
                  "isSelected": false,
                  "key": "7",
                  "label": "Elementary",
                },
                Object {
                  "isSelected": false,
                  "key": "1",
                  "label": "Grade 3",
                },
                Object {
                  "isSelected": false,
                  "key": "2",
                  "label": "Grade 4",
                },
                Object {
                  "isSelected": false,
                  "key": "4",
                  "label": "Grade 5",
                },
                Object {
                  "isSelected": false,
                  "key": "8",
                  "label": "Grade 6",
                },
                Object {
                  "isSelected": false,
                  "key": "16",
                  "label": "Grade 7",
                },
                Object {
                  "isSelected": false,
                  "key": "32",
                  "label": "Grade 8",
                },
                Object {
                  "isSelected": false,
                  "key": "960",
                  "label": "High",
                },
              ],
              "helpText": "you need help?",
              "isMultiSelect": false,
              "label": "filter category",
            },
            Object {
              "disabled": false,
              "displayAllButton": true,
              "filterOptions": Array [
                Object {
                  "isSelected": false,
                  "key": "7",
                  "label": "Elementary",
                },
                Object {
                  "isSelected": false,
                  "key": "1",
                  "label": "Grade 3",
                },
                Object {
                  "isSelected": false,
                  "key": "2",
                  "label": "Grade 4",
                },
                Object {
                  "isSelected": false,
                  "key": "4",
                  "label": "Grade 5",
                },
                Object {
                  "isSelected": false,
                  "key": "8",
                  "label": "Grade 6",
                },
                Object {
                  "isSelected": false,
                  "key": "16",
                  "label": "Grade 7",
                },
                Object {
                  "isSelected": false,
                  "key": "32",
                  "label": "Grade 8",
                },
                Object {
                  "isSelected": false,
                  "key": "960",
                  "label": "High",
                },
              ],
              "helpText": "you need help?",
              "isMultiSelect": false,
              "label": "filter category",
            },
            Object {
              "disabled": false,
              "displayAllButton": true,
              "filterOptions": Array [
                Object {
                  "isSelected": false,
                  "key": "7",
                  "label": "Elementary",
                },
                Object {
                  "isSelected": false,
                  "key": "1",
                  "label": "Grade 3",
                },
                Object {
                  "isSelected": false,
                  "key": "2",
                  "label": "Grade 4",
                },
                Object {
                  "isSelected": false,
                  "key": "4",
                  "label": "Grade 5",
                },
                Object {
                  "isSelected": false,
                  "key": "8",
                  "label": "Grade 6",
                },
                Object {
                  "isSelected": false,
                  "key": "16",
                  "label": "Grade 7",
                },
                Object {
                  "isSelected": false,
                  "key": "32",
                  "label": "Grade 8",
                },
                Object {
                  "isSelected": false,
                  "key": "960",
                  "label": "High",
                },
              ],
              "helpText": "you need help?",
              "isMultiSelect": false,
              "label": "filter category",
            },
          ],
          "onClick": [Function],
        },
        "ref": null,
        "rendered": null,
        "type": [Function],
      },
      Object {
        "instance": null,
        "key": null,
        "nodeType": "host",
        "props": Object {
          "children": "Loading...",
        },
        "ref": null,
        "rendered": "Loading...",
        "type": "div",
      },
    ],
    "type": "div",
  },
  Symbol(enzyme.__nodes__): Array [
    Object {
      "instance": null,
      "key": null,
      "nodeType": "host",
      "props": Object {
        "children": Array [
          <button
            style={
              Object {
                "height": "20%",
                "margin": "2px",
                "paddingRight": "5px",
              }
            }
          >
            Print Items
          </button>,
          <AdvancedFilterContainer
            filterOptions={
              Array [
                Object {
                  "disabled": false,
                  "displayAllButton": true,
                  "filterOptions": Array [
                    Object {
                      "isSelected": false,
                      "key": "7",
                      "label": "Elementary",
                    },
                    Object {
                      "isSelected": false,
                      "key": "1",
                      "label": "Grade 3",
                    },
                    Object {
                      "isSelected": false,
                      "key": "2",
                      "label": "Grade 4",
                    },
                    Object {
                      "isSelected": false,
                      "key": "4",
                      "label": "Grade 5",
                    },
                    Object {
                      "isSelected": false,
                      "key": "8",
                      "label": "Grade 6",
                    },
                    Object {
                      "isSelected": false,
                      "key": "16",
                      "label": "Grade 7",
                    },
                    Object {
                      "isSelected": false,
                      "key": "32",
                      "label": "Grade 8",
                    },
                    Object {
                      "isSelected": false,
                      "key": "960",
                      "label": "High",
                    },
                  ],
                  "helpText": "you need help?",
                  "isMultiSelect": false,
                  "label": "filter category",
                },
                Object {
                  "disabled": false,
                  "displayAllButton": true,
                  "filterOptions": Array [
                    Object {
                      "isSelected": false,
                      "key": "7",
                      "label": "Elementary",
                    },
                    Object {
                      "isSelected": false,
                      "key": "1",
                      "label": "Grade 3",
                    },
                    Object {
                      "isSelected": false,
                      "key": "2",
                      "label": "Grade 4",
                    },
                    Object {
                      "isSelected": false,
                      "key": "4",
                      "label": "Grade 5",
                    },
                    Object {
                      "isSelected": false,
                      "key": "8",
                      "label": "Grade 6",
                    },
                    Object {
                      "isSelected": false,
                      "key": "16",
                      "label": "Grade 7",
                    },
                    Object {
                      "isSelected": false,
                      "key": "32",
                      "label": "Grade 8",
                    },
                    Object {
                      "isSelected": false,
                      "key": "960",
                      "label": "High",
                    },
                  ],
                  "helpText": "you need help?",
                  "isMultiSelect": false,
                  "label": "filter category",
                },
                Object {
                  "disabled": false,
                  "displayAllButton": true,
                  "filterOptions": Array [
                    Object {
                      "isSelected": false,
                      "key": "7",
                      "label": "Elementary",
                    },
                    Object {
                      "isSelected": false,
                      "key": "1",
                      "label": "Grade 3",
                    },
                    Object {
                      "isSelected": false,
                      "key": "2",
                      "label": "Grade 4",
                    },
                    Object {
                      "isSelected": false,
                      "key": "4",
                      "label": "Grade 5",
                    },
                    Object {
                      "isSelected": false,
                      "key": "8",
                      "label": "Grade 6",
                    },
                    Object {
                      "isSelected": false,
                      "key": "16",
                      "label": "Grade 7",
                    },
                    Object {
                      "isSelected": false,
                      "key": "32",
                      "label": "Grade 8",
                    },
                    Object {
                      "isSelected": false,
                      "key": "960",
                      "label": "High",
                    },
                  ],
                  "helpText": "you need help?",
                  "isMultiSelect": false,
                  "label": "filter category",
                },
              ]
            }
            onClick={[Function]}
          />,
          <div>
            Loading...
          </div>,
        ],
        "className": "search-controls",
      },
      "ref": null,
      "rendered": Array [
        Object {
          "instance": null,
          "key": null,
          "nodeType": "host",
          "props": Object {
            "children": "Print Items",
            "style": Object {
              "height": "20%",
              "margin": "2px",
              "paddingRight": "5px",
            },
          },
          "ref": null,
          "rendered": "Print Items",
          "type": "button",
        },
        Object {
          "instance": null,
          "key": null,
          "nodeType": "class",
          "props": Object {
            "filterOptions": Array [
              Object {
                "disabled": false,
                "displayAllButton": true,
                "filterOptions": Array [
                  Object {
                    "isSelected": false,
                    "key": "7",
                    "label": "Elementary",
                  },
                  Object {
                    "isSelected": false,
                    "key": "1",
                    "label": "Grade 3",
                  },
                  Object {
                    "isSelected": false,
                    "key": "2",
                    "label": "Grade 4",
                  },
                  Object {
                    "isSelected": false,
                    "key": "4",
                    "label": "Grade 5",
                  },
                  Object {
                    "isSelected": false,
                    "key": "8",
                    "label": "Grade 6",
                  },
                  Object {
                    "isSelected": false,
                    "key": "16",
                    "label": "Grade 7",
                  },
                  Object {
                    "isSelected": false,
                    "key": "32",
                    "label": "Grade 8",
                  },
                  Object {
                    "isSelected": false,
                    "key": "960",
                    "label": "High",
                  },
                ],
                "helpText": "you need help?",
                "isMultiSelect": false,
                "label": "filter category",
              },
              Object {
                "disabled": false,
                "displayAllButton": true,
                "filterOptions": Array [
                  Object {
                    "isSelected": false,
                    "key": "7",
                    "label": "Elementary",
                  },
                  Object {
                    "isSelected": false,
                    "key": "1",
                    "label": "Grade 3",
                  },
                  Object {
                    "isSelected": false,
                    "key": "2",
                    "label": "Grade 4",
                  },
                  Object {
                    "isSelected": false,
                    "key": "4",
                    "label": "Grade 5",
                  },
                  Object {
                    "isSelected": false,
                    "key": "8",
                    "label": "Grade 6",
                  },
                  Object {
                    "isSelected": false,
                    "key": "16",
                    "label": "Grade 7",
                  },
                  Object {
                    "isSelected": false,
                    "key": "32",
                    "label": "Grade 8",
                  },
                  Object {
                    "isSelected": false,
                    "key": "960",
                    "label": "High",
                  },
                ],
                "helpText": "you need help?",
                "isMultiSelect": false,
                "label": "filter category",
              },
              Object {
                "disabled": false,
                "displayAllButton": true,
                "filterOptions": Array [
                  Object {
                    "isSelected": false,
                    "key": "7",
                    "label": "Elementary",
                  },
                  Object {
                    "isSelected": false,
                    "key": "1",
                    "label": "Grade 3",
                  },
                  Object {
                    "isSelected": false,
                    "key": "2",
                    "label": "Grade 4",
                  },
                  Object {
                    "isSelected": false,
                    "key": "4",
                    "label": "Grade 5",
                  },
                  Object {
                    "isSelected": false,
                    "key": "8",
                    "label": "Grade 6",
                  },
                  Object {
                    "isSelected": false,
                    "key": "16",
                    "label": "Grade 7",
                  },
                  Object {
                    "isSelected": false,
                    "key": "32",
                    "label": "Grade 8",
                  },
                  Object {
                    "isSelected": false,
                    "key": "960",
                    "label": "High",
                  },
                ],
                "helpText": "you need help?",
                "isMultiSelect": false,
                "label": "filter category",
              },
            ],
            "onClick": [Function],
          },
          "ref": null,
          "rendered": null,
          "type": [Function],
        },
        Object {
          "instance": null,
          "key": null,
          "nodeType": "host",
          "props": Object {
            "children": "Loading...",
          },
          "ref": null,
          "rendered": "Loading...",
          "type": "div",
        },
      ],
      "type": "div",
    },
  ],
  Symbol(enzyme.__options__): Object {
    "adapter": ReactSixteenAdapter {
      "options": Object {
        "enableComponentDidUpdateOnSetState": true,
      },
    },
  },
}
`;

exports[`ItemSearchContainer matches snapshot 1`] = `
ShallowWrapper {
  "length": 1,
  Symbol(enzyme.__root__): [Circular],
  Symbol(enzyme.__unrendered__): <ItemSearchContainer
    filterOptions={
      Object {
        "grades": Object {
          "disabled": false,
          "displayAllButton": true,
          "filterOptions": Array [
            Object {
              "isSelected": false,
              "key": "7",
              "label": "Elementary",
            },
            Object {
              "isSelected": false,
              "key": "1",
              "label": "Grade 3",
            },
            Object {
              "isSelected": false,
              "key": "2",
              "label": "Grade 4",
            },
            Object {
              "isSelected": false,
              "key": "4",
              "label": "Grade 5",
            },
            Object {
              "isSelected": false,
              "key": "8",
              "label": "Grade 6",
            },
            Object {
              "isSelected": false,
              "key": "16",
              "label": "Grade 7",
            },
            Object {
              "isSelected": false,
              "key": "32",
              "label": "Grade 8",
            },
            Object {
              "isSelected": false,
              "key": "960",
              "label": "High",
            },
          ],
          "helpText": "you need help?",
          "isMultiSelect": false,
          "label": "filter category",
        },
        "subjects": Object {
          "disabled": false,
          "displayAllButton": true,
          "filterOptions": Array [
            Object {
              "isSelected": false,
              "key": "7",
              "label": "Elementary",
            },
            Object {
              "isSelected": false,
              "key": "1",
              "label": "Grade 3",
            },
            Object {
              "isSelected": false,
              "key": "2",
              "label": "Grade 4",
            },
            Object {
              "isSelected": false,
              "key": "4",
              "label": "Grade 5",
            },
            Object {
              "isSelected": false,
              "key": "8",
              "label": "Grade 6",
            },
            Object {
              "isSelected": false,
              "key": "16",
              "label": "Grade 7",
            },
            Object {
              "isSelected": false,
              "key": "32",
              "label": "Grade 8",
            },
            Object {
              "isSelected": false,
              "key": "960",
              "label": "High",
            },
          ],
          "helpText": "you need help?",
          "isMultiSelect": false,
          "label": "filter category",
        },
        "techTypes": Object {
          "disabled": false,
          "displayAllButton": true,
          "filterOptions": Array [
            Object {
              "isSelected": false,
              "key": "7",
              "label": "Elementary",
            },
            Object {
              "isSelected": false,
              "key": "1",
              "label": "Grade 3",
            },
            Object {
              "isSelected": false,
              "key": "2",
              "label": "Grade 4",
            },
            Object {
              "isSelected": false,
              "key": "4",
              "label": "Grade 5",
            },
            Object {
              "isSelected": false,
              "key": "8",
              "label": "Grade 6",
            },
            Object {
              "isSelected": false,
              "key": "16",
              "label": "Grade 7",
            },
            Object {
              "isSelected": false,
              "key": "32",
              "label": "Grade 8",
            },
            Object {
              "isSelected": false,
              "key": "960",
              "label": "High",
            },
          ],
          "helpText": "you need help?",
          "isMultiSelect": false,
          "label": "filter category",
        },
      }
    }
    item={
      Object {
        "kind": "none",
      }
    }
    onRowSelection={[Function]}
    searchClient={[Function]}
  />,
  Symbol(enzyme.__renderer__): Object {
    "batchedUpdates": [Function],
    "getNode": [Function],
    "render": [Function],
    "simulateEvent": [Function],
    "unmount": [Function],
  },
  Symbol(enzyme.__node__): Object {
    "instance": null,
    "key": null,
    "nodeType": "host",
    "props": Object {
      "children": Array [
        <button
          style={
            Object {
              "height": "20%",
              "margin": "2px",
              "paddingRight": "5px",
            }
          }
        >
          Print Items
        </button>,
        <AdvancedFilterContainer
          filterOptions={
            Array [
              Object {
                "disabled": false,
                "displayAllButton": true,
                "filterOptions": Array [
                  Object {
                    "isSelected": false,
                    "key": "7",
                    "label": "Elementary",
                  },
                  Object {
                    "isSelected": false,
                    "key": "1",
                    "label": "Grade 3",
                  },
                  Object {
                    "isSelected": false,
                    "key": "2",
                    "label": "Grade 4",
                  },
                  Object {
                    "isSelected": false,
                    "key": "4",
                    "label": "Grade 5",
                  },
                  Object {
                    "isSelected": false,
                    "key": "8",
                    "label": "Grade 6",
                  },
                  Object {
                    "isSelected": false,
                    "key": "16",
                    "label": "Grade 7",
                  },
                  Object {
                    "isSelected": false,
                    "key": "32",
                    "label": "Grade 8",
                  },
                  Object {
                    "isSelected": false,
                    "key": "960",
                    "label": "High",
                  },
                ],
                "helpText": "you need help?",
                "isMultiSelect": false,
                "label": "filter category",
              },
              Object {
                "disabled": false,
                "displayAllButton": true,
                "filterOptions": Array [
                  Object {
                    "isSelected": false,
                    "key": "7",
                    "label": "Elementary",
                  },
                  Object {
                    "isSelected": false,
                    "key": "1",
                    "label": "Grade 3",
                  },
                  Object {
                    "isSelected": false,
                    "key": "2",
                    "label": "Grade 4",
                  },
                  Object {
                    "isSelected": false,
                    "key": "4",
                    "label": "Grade 5",
                  },
                  Object {
                    "isSelected": false,
                    "key": "8",
                    "label": "Grade 6",
                  },
                  Object {
                    "isSelected": false,
                    "key": "16",
                    "label": "Grade 7",
                  },
                  Object {
                    "isSelected": false,
                    "key": "32",
                    "label": "Grade 8",
                  },
                  Object {
                    "isSelected": false,
                    "key": "960",
                    "label": "High",
                  },
                ],
                "helpText": "you need help?",
                "isMultiSelect": false,
                "label": "filter category",
              },
              Object {
                "disabled": false,
                "displayAllButton": true,
                "filterOptions": Array [
                  Object {
                    "isSelected": false,
                    "key": "7",
                    "label": "Elementary",
                  },
                  Object {
                    "isSelected": false,
                    "key": "1",
                    "label": "Grade 3",
                  },
                  Object {
                    "isSelected": false,
                    "key": "2",
                    "label": "Grade 4",
                  },
                  Object {
                    "isSelected": false,
                    "key": "4",
                    "label": "Grade 5",
                  },
                  Object {
                    "isSelected": false,
                    "key": "8",
                    "label": "Grade 6",
                  },
                  Object {
                    "isSelected": false,
                    "key": "16",
                    "label": "Grade 7",
                  },
                  Object {
                    "isSelected": false,
                    "key": "32",
                    "label": "Grade 8",
                  },
                  Object {
                    "isSelected": false,
                    "key": "960",
                    "label": "High",
                  },
                ],
                "helpText": "you need help?",
                "isMultiSelect": false,
                "label": "filter category",
              },
            ]
          }
          onClick={[Function]}
        />,
        <div>
          Loading...
        </div>,
      ],
      "className": "search-controls",
    },
    "ref": null,
    "rendered": Array [
      Object {
        "instance": null,
        "key": null,
        "nodeType": "host",
        "props": Object {
          "children": "Print Items",
          "style": Object {
            "height": "20%",
            "margin": "2px",
            "paddingRight": "5px",
          },
        },
        "ref": null,
        "rendered": "Print Items",
        "type": "button",
      },
      Object {
        "instance": null,
        "key": null,
        "nodeType": "class",
        "props": Object {
          "filterOptions": Array [
            Object {
              "disabled": false,
              "displayAllButton": true,
              "filterOptions": Array [
                Object {
                  "isSelected": false,
                  "key": "7",
                  "label": "Elementary",
                },
                Object {
                  "isSelected": false,
                  "key": "1",
                  "label": "Grade 3",
                },
                Object {
                  "isSelected": false,
                  "key": "2",
                  "label": "Grade 4",
                },
                Object {
                  "isSelected": false,
                  "key": "4",
                  "label": "Grade 5",
                },
                Object {
                  "isSelected": false,
                  "key": "8",
                  "label": "Grade 6",
                },
                Object {
                  "isSelected": false,
                  "key": "16",
                  "label": "Grade 7",
                },
                Object {
                  "isSelected": false,
                  "key": "32",
                  "label": "Grade 8",
                },
                Object {
                  "isSelected": false,
                  "key": "960",
                  "label": "High",
                },
              ],
              "helpText": "you need help?",
              "isMultiSelect": false,
              "label": "filter category",
            },
            Object {
              "disabled": false,
              "displayAllButton": true,
              "filterOptions": Array [
                Object {
                  "isSelected": false,
                  "key": "7",
                  "label": "Elementary",
                },
                Object {
                  "isSelected": false,
                  "key": "1",
                  "label": "Grade 3",
                },
                Object {
                  "isSelected": false,
                  "key": "2",
                  "label": "Grade 4",
                },
                Object {
                  "isSelected": false,
                  "key": "4",
                  "label": "Grade 5",
                },
                Object {
                  "isSelected": false,
                  "key": "8",
                  "label": "Grade 6",
                },
                Object {
                  "isSelected": false,
                  "key": "16",
                  "label": "Grade 7",
                },
                Object {
                  "isSelected": false,
                  "key": "32",
                  "label": "Grade 8",
                },
                Object {
                  "isSelected": false,
                  "key": "960",
                  "label": "High",
                },
              ],
              "helpText": "you need help?",
              "isMultiSelect": false,
              "label": "filter category",
            },
            Object {
              "disabled": false,
              "displayAllButton": true,
              "filterOptions": Array [
                Object {
                  "isSelected": false,
                  "key": "7",
                  "label": "Elementary",
                },
                Object {
                  "isSelected": false,
                  "key": "1",
                  "label": "Grade 3",
                },
                Object {
                  "isSelected": false,
                  "key": "2",
                  "label": "Grade 4",
                },
                Object {
                  "isSelected": false,
                  "key": "4",
                  "label": "Grade 5",
                },
                Object {
                  "isSelected": false,
                  "key": "8",
                  "label": "Grade 6",
                },
                Object {
                  "isSelected": false,
                  "key": "16",
                  "label": "Grade 7",
                },
                Object {
                  "isSelected": false,
                  "key": "32",
                  "label": "Grade 8",
                },
                Object {
                  "isSelected": false,
                  "key": "960",
                  "label": "High",
                },
              ],
              "helpText": "you need help?",
              "isMultiSelect": false,
              "label": "filter category",
            },
          ],
          "onClick": [Function],
        },
        "ref": null,
        "rendered": null,
        "type": [Function],
      },
      Object {
        "instance": null,
        "key": null,
        "nodeType": "host",
        "props": Object {
          "children": "Loading...",
        },
        "ref": null,
        "rendered": "Loading...",
        "type": "div",
      },
    ],
    "type": "div",
  },
  Symbol(enzyme.__nodes__): Array [
    Object {
      "instance": null,
      "key": null,
      "nodeType": "host",
      "props": Object {
        "children": Array [
          <button
            style={
              Object {
                "height": "20%",
                "margin": "2px",
                "paddingRight": "5px",
              }
            }
          >
            Print Items
          </button>,
          <AdvancedFilterContainer
            filterOptions={
              Array [
                Object {
                  "disabled": false,
                  "displayAllButton": true,
                  "filterOptions": Array [
                    Object {
                      "isSelected": false,
                      "key": "7",
                      "label": "Elementary",
                    },
                    Object {
                      "isSelected": false,
                      "key": "1",
                      "label": "Grade 3",
                    },
                    Object {
                      "isSelected": false,
                      "key": "2",
                      "label": "Grade 4",
                    },
                    Object {
                      "isSelected": false,
                      "key": "4",
                      "label": "Grade 5",
                    },
                    Object {
                      "isSelected": false,
                      "key": "8",
                      "label": "Grade 6",
                    },
                    Object {
                      "isSelected": false,
                      "key": "16",
                      "label": "Grade 7",
                    },
                    Object {
                      "isSelected": false,
                      "key": "32",
                      "label": "Grade 8",
                    },
                    Object {
                      "isSelected": false,
                      "key": "960",
                      "label": "High",
                    },
                  ],
                  "helpText": "you need help?",
                  "isMultiSelect": false,
                  "label": "filter category",
                },
                Object {
                  "disabled": false,
                  "displayAllButton": true,
                  "filterOptions": Array [
                    Object {
                      "isSelected": false,
                      "key": "7",
                      "label": "Elementary",
                    },
                    Object {
                      "isSelected": false,
                      "key": "1",
                      "label": "Grade 3",
                    },
                    Object {
                      "isSelected": false,
                      "key": "2",
                      "label": "Grade 4",
                    },
                    Object {
                      "isSelected": false,
                      "key": "4",
                      "label": "Grade 5",
                    },
                    Object {
                      "isSelected": false,
                      "key": "8",
                      "label": "Grade 6",
                    },
                    Object {
                      "isSelected": false,
                      "key": "16",
                      "label": "Grade 7",
                    },
                    Object {
                      "isSelected": false,
                      "key": "32",
                      "label": "Grade 8",
                    },
                    Object {
                      "isSelected": false,
                      "key": "960",
                      "label": "High",
                    },
                  ],
                  "helpText": "you need help?",
                  "isMultiSelect": false,
                  "label": "filter category",
                },
                Object {
                  "disabled": false,
                  "displayAllButton": true,
                  "filterOptions": Array [
                    Object {
                      "isSelected": false,
                      "key": "7",
                      "label": "Elementary",
                    },
                    Object {
                      "isSelected": false,
                      "key": "1",
                      "label": "Grade 3",
                    },
                    Object {
                      "isSelected": false,
                      "key": "2",
                      "label": "Grade 4",
                    },
                    Object {
                      "isSelected": false,
                      "key": "4",
                      "label": "Grade 5",
                    },
                    Object {
                      "isSelected": false,
                      "key": "8",
                      "label": "Grade 6",
                    },
                    Object {
                      "isSelected": false,
                      "key": "16",
                      "label": "Grade 7",
                    },
                    Object {
                      "isSelected": false,
                      "key": "32",
                      "label": "Grade 8",
                    },
                    Object {
                      "isSelected": false,
                      "key": "960",
                      "label": "High",
                    },
                  ],
                  "helpText": "you need help?",
                  "isMultiSelect": false,
                  "label": "filter category",
                },
              ]
            }
            onClick={[Function]}
          />,
          <div>
            Loading...
          </div>,
        ],
        "className": "search-controls",
      },
      "ref": null,
      "rendered": Array [
        Object {
          "instance": null,
          "key": null,
          "nodeType": "host",
          "props": Object {
            "children": "Print Items",
            "style": Object {
              "height": "20%",
              "margin": "2px",
              "paddingRight": "5px",
            },
          },
          "ref": null,
          "rendered": "Print Items",
          "type": "button",
        },
        Object {
          "instance": null,
          "key": null,
          "nodeType": "class",
          "props": Object {
            "filterOptions": Array [
              Object {
                "disabled": false,
                "displayAllButton": true,
                "filterOptions": Array [
                  Object {
                    "isSelected": false,
                    "key": "7",
                    "label": "Elementary",
                  },
                  Object {
                    "isSelected": false,
                    "key": "1",
                    "label": "Grade 3",
                  },
                  Object {
                    "isSelected": false,
                    "key": "2",
                    "label": "Grade 4",
                  },
                  Object {
                    "isSelected": false,
                    "key": "4",
                    "label": "Grade 5",
                  },
                  Object {
                    "isSelected": false,
                    "key": "8",
                    "label": "Grade 6",
                  },
                  Object {
                    "isSelected": false,
                    "key": "16",
                    "label": "Grade 7",
                  },
                  Object {
                    "isSelected": false,
                    "key": "32",
                    "label": "Grade 8",
                  },
                  Object {
                    "isSelected": false,
                    "key": "960",
                    "label": "High",
                  },
                ],
                "helpText": "you need help?",
                "isMultiSelect": false,
                "label": "filter category",
              },
              Object {
                "disabled": false,
                "displayAllButton": true,
                "filterOptions": Array [
                  Object {
                    "isSelected": false,
                    "key": "7",
                    "label": "Elementary",
                  },
                  Object {
                    "isSelected": false,
                    "key": "1",
                    "label": "Grade 3",
                  },
                  Object {
                    "isSelected": false,
                    "key": "2",
                    "label": "Grade 4",
                  },
                  Object {
                    "isSelected": false,
                    "key": "4",
                    "label": "Grade 5",
                  },
                  Object {
                    "isSelected": false,
                    "key": "8",
                    "label": "Grade 6",
                  },
                  Object {
                    "isSelected": false,
                    "key": "16",
                    "label": "Grade 7",
                  },
                  Object {
                    "isSelected": false,
                    "key": "32",
                    "label": "Grade 8",
                  },
                  Object {
                    "isSelected": false,
                    "key": "960",
                    "label": "High",
                  },
                ],
                "helpText": "you need help?",
                "isMultiSelect": false,
                "label": "filter category",
              },
              Object {
                "disabled": false,
                "displayAllButton": true,
                "filterOptions": Array [
                  Object {
                    "isSelected": false,
                    "key": "7",
                    "label": "Elementary",
                  },
                  Object {
                    "isSelected": false,
                    "key": "1",
                    "label": "Grade 3",
                  },
                  Object {
                    "isSelected": false,
                    "key": "2",
                    "label": "Grade 4",
                  },
                  Object {
                    "isSelected": false,
                    "key": "4",
                    "label": "Grade 5",
                  },
                  Object {
                    "isSelected": false,
                    "key": "8",
                    "label": "Grade 6",
                  },
                  Object {
                    "isSelected": false,
                    "key": "16",
                    "label": "Grade 7",
                  },
                  Object {
                    "isSelected": false,
                    "key": "32",
                    "label": "Grade 8",
                  },
                  Object {
                    "isSelected": false,
                    "key": "960",
                    "label": "High",
                  },
                ],
                "helpText": "you need help?",
                "isMultiSelect": false,
                "label": "filter category",
              },
            ],
            "onClick": [Function],
          },
          "ref": null,
          "rendered": null,
          "type": [Function],
        },
        Object {
          "instance": null,
          "key": null,
          "nodeType": "host",
          "props": Object {
            "children": "Loading...",
          },
          "ref": null,
          "rendered": "Loading...",
          "type": "div",
        },
      ],
      "type": "div",
    },
  ],
  Symbol(enzyme.__options__): Object {
    "adapter": ReactSixteenAdapter {
      "options": Object {
        "enableComponentDidUpdateOnSetState": true,
      },
    },
  },
}
`;
