// Jest Snapshot v1, https://goo.gl/fbAQLP

exports[`ScoringGuidePage matches snapshot 1`] = `
ShallowWrapper {
  "complexSelector": ComplexSelector {
    "buildPredicate": [Function],
    "childrenOfNode": [Function],
    "findWhereUnwrapped": [Function],
  },
  "length": 1,
  "node": <div />,
  "nodes": Array [
    <div />,
  ],
  "options": Object {},
  "renderer": ReactShallowRenderer {
    "_instance": ShallowComponentWrapper {
      "_calledComponentWillUnmount": false,
      "_compositeType": 0,
      "_context": Object {},
      "_currentElement": <ScoringGuidePage
        scoreGuideViewModelClient={[Function]}
/>,
      "_debugID": 1,
      "_hostContainerInfo": null,
      "_hostParent": null,
      "_instance": ScoringGuidePage {
        "_reactInternalInstance": [Circular],
        "context": Object {},
        "getAboutItem": [Function],
        "loadScoringGuideViewModel": [Function],
        "onAboutItemError": [Function],
        "onAboutItemSuccess": [Function],
        "onErrorLoadScoringGuideViewModel": [Function],
        "onRowSelection": [Function],
        "onSuccessLoadScoringGuideViewModel": [Function],
        "props": Object {
          "scoreGuideViewModelClient": [Function],
        },
        "refs": Object {},
        "renderTabsContainer": [Function],
        "state": Object {
          "filterOptions": Object {
            "grades": Array [
              1,
              2,
              4,
              8,
              16,
              32,
              960,
            ],
            "subjects": Array [
              Object {
                "code": "ELA",
                "label": "English language arts / Literacy",
              },
              Object {
                "code": "MATH",
                "label": "Mathematics",
              },
            ],
            "techTypes": Array [
              Object {
                "code": "CAT",
                "label": "CAT",
              },
              Object {
                "code": "PT",
                "label": "Performance Items",
              },
            ],
          },
          "item": Object {
            "kind": "none",
          },
          "scoringGuideViewModel": Object {
            "kind": "loading",
          },
        },
        "updater": Object {
          "enqueueCallback": [Function],
          "enqueueCallbackInternal": [Function],
          "enqueueElementInternal": [Function],
          "enqueueForceUpdate": [Function],
          "enqueueReplaceState": [Function],
          "enqueueSetState": [Function],
          "isMounted": [Function],
          "validateCallback": [Function],
        },
      },
      "_mountOrder": 1,
      "_pendingCallbacks": null,
      "_pendingElement": null,
      "_pendingForceUpdate": false,
      "_pendingReplaceState": false,
      "_pendingStateQueue": null,
      "_renderedComponent": NoopInternalComponent {
        "_currentElement": <div />,
        "_debugID": 2,
        "_renderedOutput": <div />,
      },
      "_renderedNodeType": 0,
      "_rootNodeID": 0,
      "_topLevelWrapper": null,
      "_updateBatchNumber": null,
      "_warnedAboutRefsInRender": false,
    },
    "getRenderOutput": [Function],
    "render": [Function],
  },
  "root": [Circular],
  "unrendered": <ScoringGuidePage
    scoreGuideViewModelClient={[Function]}
/>,
}
`;
