// Jest Snapshot v1, https://goo.gl/fbAQLP

exports[`EvidenceStatement matches snapshot 1`] = `
<div
  className="centered-table-container"
>
  <table
    className="item-data-table"
  >
    <thead>
      <tr>
        <th>
          Evidence Statement
        </th>
      </tr>
    </thead>
    <tbody>
      <tr>
        <td />
      </tr>
    </tbody>
  </table>
</div>
`;
