// Jest Snapshot v1, https://goo.gl/fbAQLP

exports[`ItemBankEntry matches snapshot 1`] = `
<div>
  <Accordion
    accordionTitle="CSV Entry"
    isOpen={false}
    toggleExpand={[Function]}
  >
    <div
      className="csv-entry-container section"
    >
      <div
        className="csv-entry-wrapper"
      >
        <CsvEntry
          itemRows={
            Array [
              Object {
                "bankKey": 3000,
                "isaap": "",
                "itemKey": 187,
                "revision": "asdge",
                "section": "math",
              },
            ]
          }
          namespaces={
            Array [
              Object {
                "bankKey": 0,
                "hasBankKey": true,
                "id": "12",
                "name": "itemreviewviewer",
              },
            ]
          }
          onApply={[Function]}
        />
      </div>
    </div>
  </Accordion>
  <Accordion
    accordionTitle="Items Entry"
    isOpen={false}
    toggleExpand={[Function]}
  >
    <ItemEntryTable
      itemRows={
        Array [
          Object {
            "bankKey": 3000,
            "isaap": "",
            "itemKey": 187,
            "revision": "asdge",
            "section": "math",
          },
        ]
      }
      namespaces={
        Array [
          Object {
            "bankKey": 0,
            "hasBankKey": true,
            "id": "12",
            "name": "itemreviewviewer",
          },
        ]
      }
    />
  </Accordion>
</div>
`;
